100.86
86.34
679.536
12.8926
0
1
1
0
1
1
0
0
14.52
0
52.7076
1
1
1
0
0
0
1
0
1