RUNTIME ERROR: matrices being multiplied do not have complementary dimensions.
