0.700000 0.700000 0.700000
0.700000 0.700000 0.700000
-0.500000 -0.300000 -0.100000
0.100000 0.300000 0.500000
0.300000 0.600000 0.900000
1.200000 1.500000 1.800000
0.300000 0.600000 0.900000
1.200000 1.500000 1.800000
0.350000 0.700000 1.050000
1.400000 1.750000 2.100000
0.350000 0.700000 1.050000
1.400000 1.750000 2.100000
2.420000 3.080000
5.390000 7.040000
0
1