RUNTIME ERROR: matrices being added do not have the same dimensions.