1 2 3
4 5 6
1 4
2 5
3 6

7 8 9 10
11 12 13 14
7 11
8 12
9 13
10 14
