7 7 7
7 7 7
-5 -3 -1
1 3 5
3 6 9
12 15 18
3 6 9
12 15 18
3 6 9
12 15 18
3 6 9
12 15 18
22 28
49 64
0
1